[INFO] Scanning for projects...
[INFO] 
[INFO] -----------------------< com.farmxchain:backend >-----------------------
[INFO] Building FarmXChain Backend 0.0.1-SNAPSHOT
[INFO]   from pom.xml
[INFO] --------------------------------[ jar ]---------------------------------
[INFO] 
[INFO] --- clean:3.4.1:clean (default-clean) @ backend ---
[INFO] Deleting C:\Users\User\Desktop\FarmX-Project\FarmXChain\backend\target
[INFO] 
[INFO] --- resources:3.3.1:resources (default-resources) @ backend ---
[INFO] Copying 1 resource from src\main\resources to target\classes
[INFO] Copying 2 resources from src\main\resources to target\classes
[INFO] 
[INFO] --- compiler:3.11.0:compile (default-compile) @ backend ---
[INFO] Changes detected - recompiling the module! :source
[INFO] Compiling 48 source files with javac [debug release 17] to target\classes
[INFO] -------------------------------------------------------------
[ERROR] COMPILATION ERROR : 
[INFO] -------------------------------------------------------------
[ERROR] /C:/Users/User/Desktop/FarmX-Project/FarmXChain/backend/src/main/java/com/farmxchain/backend/controller/OrderController.java:[6,35] package com.farmxchain.backend.util does not exist
[ERROR] /C:/Users/User/Desktop/FarmX-Project/FarmXChain/backend/src/main/java/com/farmxchain/backend/controller/OrderController.java:[24,13] cannot find symbol
  symbol:   class JwtUtil
  location: class com.farmxchain.backend.controller.OrderController
[INFO] 2 errors 
[INFO] -------------------------------------------------------------
[INFO] ------------------------------------------------------------------------
[INFO] BUILD FAILURE
[INFO] ------------------------------------------------------------------------
[INFO] Total time:  24.605 s
[INFO] Finished at: 2026-01-31T22:56:49+05:30
[INFO] ------------------------------------------------------------------------
[ERROR] Failed to execute goal org.apache.maven.plugins:maven-compiler-plugin:3.11.0:compile (default-compile) on project backend: Compilation failure: Compilation failure: 
[ERROR] /C:/Users/User/Desktop/FarmX-Project/FarmXChain/backend/src/main/java/com/farmxchain/backend/controller/OrderController.java:[6,35] package com.farmxchain.backend.util does not exist
[ERROR] /C:/Users/User/Desktop/FarmX-Project/FarmXChain/backend/src/main/java/com/farmxchain/backend/controller/OrderController.java:[24,13] cannot find symbol
[ERROR]   symbol:   class JwtUtil
[ERROR]   location: class com.farmxchain.backend.controller.OrderController
[ERROR] -> [Help 1]
[ERROR] 
[ERROR] To see the full stack trace of the errors, re-run Maven with the -e switch.
[ERROR] Re-run Maven using the -X switch to enable full debug logging.
[ERROR] 
[ERROR] For more information about the errors and possible solutions, please read the following articles:
[ERROR] [Help 1] http://cwiki.apache.org/confluence/display/MAVEN/MojoFailureException
